===========================================================================
  LOG FILE : KE_TEXTBOOK_DECODE/Dedup_Reports/ingest_bphs_ch48_20260604_134409_upload.log
===========================================================================

BPHS VOL 2 CH.48 INGEST  |  UPLOAD
Batch ID  : bphs-ch48-dasha-20260603
Science ID: vedic_astrology
Source    : BPHS_Ch48_Vol2_Rules.json

Loaded    : 46 rules from bphs_ch48_DRY_RUN_VALIDATED.json
Target    : horoscope_db.interpretation_rules

✅ MongoDB connection OK
Upserting 46 rules...


  Inserted : 0
  Updated  : 46
  Errors   : 0
  import_batches log written for batch bphs-ch48-dasha-20260603

STATUS BREAKDOWN (from uploaded JSON):
  auto_approved: 42
  pending_human_review: 4
  TOTAL: 46

===========================================================================
UPLOAD COMPLETE
===========================================================================

NEXT STEP -- Post-upload structural validation:
  python3 backend/scripts/validate_ingest_batch.py \
    --batch-id bphs-ch48-dasha-20260603 \
    --mongo-url "$MONGO_URL" --db-name horoscope_db
