======================================================================
  LOG FILE: KE_TEXTBOOK_DECODE/Dedup_Reports/inspect_bphs_vol2_phase1_flagged_20260603_093205.log
======================================================================

BPHS Vol 2 Phase 1 -- Flagged Rules Inspect & Triage
Target  : bphs2-* and R-BPHS2* rules with no source.batch_id
Excludes: bphs-vol2-ch49-51-v1 (Ch49-51, already triaged)
API val : NO

── BPHS Vol 2 Phase 1 (untracked) -- All Rules ──────────────────────
  Total untracked bphs2 rules : 0

  auto_approved                  0
  pending_human_review           0
  pending_review                 0
  flagged                        0
  rejected                       0

── Chapter Breakdown (flagged only) ─────────────────────────────────
  Total flagged : 0


── Triage Summary ───────────────────────────────────────────────────
  Bucket A (truncation → auto_approved) : 0
  Bucket B (validator error → PHR)      : 0
  Bucket C (genuine issue → validate)   : 0

======================================================================
NEXT STEPS:

Log saved: KE_TEXTBOOK_DECODE/Dedup_Reports/inspect_bphs_vol2_phase1_flagged_20260603_093205.log
