LOG FILE: KE_TEXTBOOK_DECODE/Dedup_Reports/patch_ch27_43_44_schema_20260604_143518.log
======================================================================
BPHS Ch27 / Ch43 / Ch44 — SCHEMA PATCH
Patch batch ID : bphs_ch27_43_44_v2_20260604
Dry-run        : True
======================================================================

── Ch27 — Shadbala ──────────────────────────────────────────────
  Source rules : 28 (expected 28)
  Patches built: 28 / 28
  Build errors : 0
  Sample [bphs-ch27-001] full_text[:100]: Component of Sthana Bala. Procedure: deduct the deep debilitation longitude from the planet's actual

── Ch43 — Longevity (Ayurdaya) ──────────────────────────────────────────────
  Source rules : 35 (expected 35)
  Patches built: 35 / 35
  Build errors : 0
  Sample [bphs-ch43-001] full_text[:100]: Each of the seven classical planets is allotted a fixed number of years at its deep exaltation point

── Ch44 — Marakas ──────────────────────────────────────────────
  Source rules : 40 (expected 40)
  Patches built: 40 / 40
  Build errors : 0
  Sample [bphs-ch44-MI01] full_text[:100]: The 2nd and 7th houses are designated Maraka (killer) houses. Lords and occupants of these houses ga

Total patches ready: 103

DRY-RUN complete — no DB writes.
