============================================================
  LOG FILE: KE_TEXTBOOK_DECODE/Dedup_Reports/patch_58ch_20260603_042016_live.log
============================================================

Positional conflicts in report : 75
  self-match artifacts (SKIP)  : 6
  polarity_conflict (PATCH)    : 4
  alternate_result (REVIEW)    : 65

ARTIFACTS (self-matches -- stale export dir, now fixed, no action needed):
  kp-ch12-002 <-> kp-ch12-002  key=jupiter in house 1  score=0.2701
  kp-ch12-001 <-> kp-ch12-001  key=jupiter in house 7  score=0.1647
  kp-ch12-005 <-> kp-ch12-005  key=mercury in house [5, 8, 9]  score=0.1440
  kp-ch13-001 <-> kp-ch13-001  key=sun in house 11  score=0.2959
  kp-ch13-003 <-> kp-ch13-003  key=venus in house [1, 3, 4, 5, 8, 9, 10]  score=0.2419
  kp-ch13-002 <-> kp-ch13-002  key=venus in house [1, 8]  score=0.2688

GENUINE POLARITY CONFLICTS (will be patched with pending_review=True):
  kp-ch12-002 vs pd-ch08-050
    key    : jupiter in house 1
    A pol  : negative  B pol: positive
    B text : Jupiter placed in the 1st house (Lagna) produces excellent outcomes, as Jupiter is the greatest natural benefic in Jyotish. The native is handsome in appearance

  kp-ch12-002 vs pd-ch13-022
    key    : jupiter in house 1
    A pol  : negative  B pol: positive
    B text : Jupiter, the minister of the Gods, when endowed with all surpassing strength (maximum Shadbala, own sign, or exaltation, not combust, brilliant with full rays) 

  kp-ch12-001 vs pd-ch08-056
    key    : jupiter in house 7
    A pol  : negative  B pol: positive
    B text : Jupiter placed in the 7th house (Kalatra Bhava — house of spouse) produces very favorable outcomes. The wife and sons are of good quality. The native is very am

  kp-ch13-001 vs pd-ch08-011
    key    : sun in house 11
    A pol  : negative  B pol: positive
    B text : The Sun placed in the 11th house (Labha Bhava — house of gains) produces excellent outcomes. The native is very wealthy and long-lived. Kingly status is attaine

CONTEXTUAL ALTERNATE RESULTS (review-only, no patch):
  These are KP-longevity rules vs classical natal rules -- different frameworks,
  not genuine contradictions. TT will evaluate at co-founder approval stage.

  [jupiter in house 1]  (34 pair(s))
    kp-ch12-002 vs R-ATEXTB-JUP-1H-ARI-V-048-01  score=0.0366
    kp-ch12-002 vs R-ATEXTB-JUP-1H-CAP-V-048-02  score=0.0389
    kp-ch12-002 vs R-ATEXTB-JUP-1H-DEB-V-048-09  score=0.0283
    kp-ch12-002 vs R-ATEXTB-JUP-1H-EXA-V-048-10  score=0.0406
    kp-ch12-002 vs R-ATEXTB-JUP-1H-LEO-V-048-03  score=0.0362
    kp-ch12-002 vs R-ATEXTB-JUP-1H-PIS-V-048-04  score=0.0236
    kp-ch12-002 vs R-ATEXTB-JUP-1H-SAG-V-048-05  score=0.0330
    kp-ch12-002 vs R-ATEXTB-JUP-1H-SCO-V-048-06  score=0.0332
    kp-ch12-002 vs R-ATEXTB-JUP-1H-TAU-V-048-07  score=0.0389
    kp-ch12-002 vs R-ATEXTB-JUP-1H-V-048  score=0.0616
    kp-ch12-002 vs R-ATEXTB-JUP-1H-VIR-V-048-08  score=0.0388
    kp-ch12-002 vs R-TBA15-742  score=0.0238
    kp-ch12-002 vs R-TBA15-743  score=0.0932
    kp-ch12-002 vs R-TBA15-744  score=0.0721
    kp-ch12-002 vs R-TBA15-745  score=0.0731
    kp-ch12-002 vs R-TBA15-746  score=0.0694
    kp-ch12-002 vs R-TBA15-747  score=0.0750
    kp-ch12-002 vs R-TBA15-748  score=0.0828
    kp-ch12-002 vs R-TBA15-749  score=0.0817
    kp-ch12-002 vs R-TBA15-750  score=0.0793
    kp-ch12-002 vs R-TBA15-751  score=0.0907
    kp-ch12-002 vs R-TBA15-752  score=0.0902
    kp-ch12-002 vs R-TBA15-753  score=0.0906
    kp-ch12-002 vs R-TBA15-754  score=0.0670
    kp-ch12-002 vs R-TBA15-755  score=0.0700
    kp-ch12-002 vs R-TBA15-756  score=0.0629
    kp-ch12-002 vs R-TBA15-757  score=0.0569
    kp-ch12-002 vs R-TBA15-758  score=0.0639
    kp-ch12-002 vs R-TBA15-759  score=0.0681
    kp-ch12-002 vs R-TBA15-760  score=0.0658
    kp-ch12-002 vs R-TBA15-761  score=0.0733
    kp-ch12-002 vs R-TBA15-762  score=0.0668
    kp-ch12-002 vs R-TBA15-763  score=0.0770
    kp-ch12-002 vs R-TBA15-764  score=0.0290
  [jupiter in house 7]  (19 pair(s))
    kp-ch12-001 vs R-ATEXTB-JUP-7H-AQU-V-054-01  score=0.0205
    kp-ch12-001 vs R-ATEXTB-JUP-7H-CAP-V-054-02  score=0.0210
    kp-ch12-001 vs R-ATEXTB-JUP-7H-DEB-V-054-04  score=0.0363
    kp-ch12-001 vs R-ATEXTB-JUP-7H-ENE-V-054-05  score=0.0363
    kp-ch12-001 vs R-ATEXTB-JUP-7H-EXA-V-054-06  score=0.0225
    kp-ch12-001 vs R-ATEXTB-JUP-7H-OWN-V-054-07  score=0.0411
    kp-ch12-001 vs R-ATEXTB-JUP-7H-PIS-V-054-03  score=0.0393
    kp-ch12-001 vs R-ATEXTB-JUP-7H-V-054  score=0.0405
    kp-ch12-001 vs R-TBA15-842  score=0.0213
    kp-ch12-001 vs R-TBA15-843  score=0.0786
    kp-ch12-001 vs R-TBA15-844  score=0.0627
    kp-ch12-001 vs R-TBA15-845  score=0.0491
    kp-ch12-001 vs R-TBA15-846  score=0.0481
    kp-ch12-001 vs R-TBA15-847  score=0.0524
    kp-ch12-001 vs R-TBA15-848  score=0.0675
    kp-ch12-001 vs R-TBA15-849  score=0.0749
    kp-ch12-001 vs R-TBA15-850  score=0.0349
    kp-ch12-001 vs lalkitab-ch27-proh-09  score=0.0527
    kp-ch12-001 vs pd-ch10-009  score=0.1749
  [sun in house 11]  (12 pair(s))
    kp-ch13-001 vs R-ATEXTB-SUN-11H-089  score=0.1411
    kp-ch13-001 vs R-ATEXTB-SUN-11H-OWN-V-011-02  score=0.2151
    kp-ch13-001 vs R-ATEXTB-SUN-11H-SAG-V-011-01  score=0.2039
    kp-ch13-001 vs R-ATEXTB-SUN-11H-V-011  score=0.0990
    kp-ch13-001 vs R-TBA15-144  score=0.0889
    kp-ch13-001 vs R-TBA15-145  score=0.2182
    kp-ch13-001 vs R-TBA15-146  score=0.2369
    kp-ch13-001 vs R-TBA15-147  score=0.2898
    kp-ch13-001 vs R-TBA15-148  score=0.2600
    kp-ch13-001 vs R-TBA15-149  score=0.2543
    kp-ch13-001 vs R-TBA15-150  score=0.2563
    kp-ch13-001 vs R-TBA15-151  score=0.1151

  [OK]   kp-ch12-001 → pending_review=True  (1 conflict note(s))
  [OK]   kp-ch12-002 → pending_review=True  (2 conflict note(s))
  [OK]   kp-ch13-001 → pending_review=True  (1 conflict note(s))

Patch complete: 3 patched / 0 skipped / 0 errors

Final DB state for batch longevity_58ch_v1:
  auto_approved: 69
  pending_human_review: 80
  pending_review: 0
  flagged: 0
