===========================================================================
  LOG FILE: KE_TEXTBOOK_DECODE/Dedup_Reports/patch_bphs_vol2_encoding_corrections_20260604_093738_live.log
===========================================================================

BPHS Vol 2 -- Encoding Corrections
Mode        : 🔴 LIVE — WRITING TO DB
Corrections : 10 field-level encoding errors → corrected in-place
Source      : Santhanam BPHS Vol 2 PDF, confirmed session 2026-06-03

───────────────────────────────────────────────────────────────────────────
#    Rule ID                             Ch     Field                        Result
───────────────────────────────────────────────────────────────────────────
  1   R-BPHS47-PATCH-CC30B7               Ch.47  dasha_lord                   ✅ PATCHED  ['Sun' → 'Jupiter']
  2   R-BPHS52-040                        Ch.52  condition.description (text sub) ⚠️  NO MATCH (text not found)
  3   R-BPHS53-PATCH-094A74               Ch.53  dasha_lord                   ✅ PATCHED  ['Venus' → 'Moon']
  4   R-BPHS53-PATCH-A460E9               Ch.53  dasha_lord                   ✅ PATCHED  ['Venus' → 'Moon']
  5   R-BPHS53-PATCH-E77E96               Ch.53  dasha_lord                   ✅ PATCHED  ['Venus' → 'Moon']
  6   R-BPHS53-PATCH-37CB8C               Ch.53  houses_involved              ✅ PATCHED  [[7] → [2, 7]]
  7   R-BPHS54-PATCH-3E2164               Ch.54  antardasha_planet            ✅ PATCHED  ['Mars' → 'Moon']
  8   R-BPHS54-PATCH-3E8999               Ch.54  antardasha_planet            ✅ PATCHED  ['Mars' → 'Rahu']
  9   R-BPHS54-PATCH-6592D5               Ch.54  antardasha_planet            ✅ PATCHED  ['Mars' → 'Jupiter']
  10  R-BPHS57-PATCH-0727F5               Ch.57  condition.description (text sub) ✅ PATCHED  [text replacement applied]

===========================================================================
SUMMARY
  Mode        : LIVE
  Total       : 10
  Patched     : 9 / 10
  No-change   : 1


Log saved: KE_TEXTBOOK_DECODE/Dedup_Reports/patch_bphs_vol2_encoding_corrections_20260604_093738_live.log
