======================================================================
LOG FILE: KE_TEXTBOOK_DECODE/Dedup_Reports/patch_phase_c_bucket_b_20260604_173612.log
DESTINY NUMEROLOGY PHASE C — BUCKET B TRIAGE PATCH
======================================================================

Group 1 — Ch20-Ch27 core (engine_spec / place_name_number)
  Patched: 28/28

Group 2 — CAD num-cad-010–022 (domain_arrow_alignment / override / fatality_check)
  Patched: 13/13

Group 3 — PYC num-pyc-011 (override_rule)
  Patched: 1/1

Group 4 — CDI num-cdi-001–021 (empirical/statistical inference types)
  Patched: 21/21

Group 5 — CAD structural failures (basic_number_career_archetype / missing_digit_career_impact)
  Patched: 18/18

──────────────────────────────────────────────────
TOTAL patched: 81/81

Final batch counts:
  auto_approved                  16
  pending_human_review           87
  flagged                        0
  pending_review                 0