===========================================================================
  LOG FILE: KE_TEXTBOOK_DECODE/Dedup_Reports/patch_bphs_vol2_encoding_corrections_20260604_092956_live.log
===========================================================================

BPHS Vol 2 -- Encoding Corrections
Mode        : 🔴 LIVE — WRITING TO DB
Corrections : 10 field-level encoding errors → corrected in-place
Source      : Santhanam BPHS Vol 2 PDF, confirmed session 2026-06-03

───────────────────────────────────────────────────────────────────────────
#    Rule ID                             Ch     Field                        Result
───────────────────────────────────────────────────────────────────────────
  1   R-BPHS47-PATCH-CC30B7               Ch.47  dasha_lord                   ❌ NOT FOUND
  2   R-BPHS52-040                        Ch.52  condition.description (text sub) ❌ NOT FOUND
  3   R-BPHS53-PATCH-094A74               Ch.53  dasha_lord                   ❌ NOT FOUND
  4   R-BPHS53-PATCH-A460E9               Ch.53  dasha_lord                   ❌ NOT FOUND
  5   R-BPHS53-PATCH-E77E96               Ch.53  dasha_lord                   ❌ NOT FOUND
  6   R-BPHS53-PATCH-37CB8C               Ch.53  houses_involved              ❌ NOT FOUND
  7   R-BPHS54-PATCH-3E2164               Ch.54  antardasha_planet            ❌ NOT FOUND
  8   R-BPHS54-PATCH-3E8999               Ch.54  antardasha_planet            ❌ NOT FOUND
  9   R-BPHS54-PATCH-6592D5               Ch.54  antardasha_planet            ❌ NOT FOUND
  10  R-BPHS57-PATCH-0727F5               Ch.57  condition.description (text sub) ❌ NOT FOUND

===========================================================================
SUMMARY
  Mode        : LIVE
  Total       : 10
  Patched     : 0 / 10
  Not found   : 10


Log saved: KE_TEXTBOOK_DECODE/Dedup_Reports/patch_bphs_vol2_encoding_corrections_20260604_092956_live.log
