============================================================
  LOG FILE: KE_TEXTBOOK_DECODE/Dedup_Reports/patch_bphs_vol1_phase2_flagged_20260603_092150_live.log
============================================================

BPHS Vol 1 Phase 2 -- Flagged Rules Triage Patch
Batch: bphs-vol1-phase2-v1-20260601
Mode : LIVE

── Bucket B (14 rules) → PHR + validator_error:true ──
  [OK]    bphs1-ch25-055 → pending_human_review
  [OK]    bphs1-ch25-056 → pending_human_review
  [OK]    bphs1-ch25-057 → pending_human_review
  [OK]    bphs1-ch25-058 → pending_human_review
  [OK]    bphs1-ch25-059 → pending_human_review
  [OK]    bphs1-ch25-060 → pending_human_review
  [OK]    bphs1-ch25-061 → pending_human_review
  [OK]    bphs1-ch25-062 → pending_human_review
  [OK]    bphs1-ch25-063 → pending_human_review
  [OK]    bphs1-ch25-064 → pending_human_review
  [OK]    bphs1-ch25-065 → pending_human_review
  [OK]    bphs1-ch25-066 → pending_human_review
  [OK]    bphs1-ch28-002 → pending_human_review
  [OK]    bphs1-ch32-028 → pending_human_review

── Direct CC fix: bphs1-ch03-044 (Sun+Cancer factual error) ──
  [OK]    bphs1-ch03-044 → PHR + corrected text

── PDF fix: bphs1-ch32-033 (validator error -- wife in 2nd house IS in source) ──
  [OK]    bphs1-ch32-033 → PHR + validator_error (no text change)

============================================================
Patch complete:
  Bucket B patched  : 14 / 14
  Direct CC patched : 2
  Skipped           : 0
  Errors            : 0

Batch status after patch:
  auto_approved                  491
  pending_human_review           186
  flagged                        19

Remaining flagged: 19 (these go to PDF read / GAI queue)
