======================================================================
  LOG FILE: KE_TEXTBOOK_DECODE/Dedup_Reports/patch_bphs_vol2_phase1_bucket_b_20260603_102621_live.log
======================================================================

BPHS Vol 2 Phase 1 — Bucket B Patch
Mode    : 🔴 LIVE — WRITING TO DB
Rules   : 13
Action  : flagged → pending_human_review + validator_error:true

#    Rule ID                             Pre-status             Result
────────────────────────────────────────────────────────────────────────────────
  1    R-BPHS47-040                        flagged                ✅ PATCHED
  2    R-BPHS47-PATCH-FAB97F               flagged                ✅ PATCHED
  3    R-BPHS53-PATCH-07021E               flagged                ✅ PATCHED
  4    R-BPHS53-PATCH-167D28               flagged                ✅ PATCHED
  5    R-BPHS53-PATCH-F6F702               flagged                ✅ PATCHED
  6    R-BPHS54-PATCH-B9935D               flagged                ✅ PATCHED
  7    R-BPHS54-PATCH-F7EB29               flagged                ✅ PATCHED
  8    R-BPHS55-PATCH-7910FC               flagged                ✅ PATCHED
  9    R-BPHS56-042                        flagged                ✅ PATCHED
  10   R-BPHS56-PATCH-6CC98D               flagged                ✅ PATCHED
  11   R-BPHS56-PATCH-741DB0               flagged                ✅ PATCHED
  12   R-BPHS57-PATCH-FA9AEE               flagged                ✅ PATCHED
  13   R-BPHS58-PATCH-69208E               flagged                ✅ PATCHED

======================================================================
Summary
  Mode    : LIVE
  Patched : 13 / 13
  Skipped : 0

Log saved: KE_TEXTBOOK_DECODE/Dedup_Reports/patch_bphs_vol2_phase1_bucket_b_20260603_102621_live.log
