======================================================================
LOG FILE: KE_TEXTBOOK_DECODE/Dedup_Reports/phr_detail_destiny_num_20260604_164156.log
DESTINY NUMEROLOGY PHASE A -- PHR + FLAGGED DETAIL
======================================================================

=== FLAGGED (4) -- FULL VALIDATOR FIELDS ===

  num-ch04v2-027  Ch4
  title     : Number 4 — Character Virtues and Shadow: Faithful, Devoted Partners but Emotiona
  polarity  : conditional
  _id: 6a21556246651638892cf769

  num-ch04v2-054  Ch4
  title     : Number 9 — Shadow and Struggle: Fighters Facing Many Struggles; Adventurous, Agg
  polarity  : conditional
  _id: 6a21556246651638892cf784

  num-ch09-015  Ch9
  title     : Compound Number 24 — Success, Superior Support, Fame; Most Fortunate for Future 
  polarity  : positive
  _id: 6a21556246651638892cf7b4

  num-ch13-039  Ch13
  title     : Number 9 Appears Five Times — Maximum Martian Overload
  polarity  : negative
  _id: 6a21556246651638892cf825

=== PHR (25) -- VALIDATOR-SET FIELDS ===
  Ch4   num-ch04v2-012                      _id=6a21556246651638892cf75a
  Ch4   num-ch04v2-030                      _id=6a21556246651638892cf76c
  Ch4   num-ch04v2-032                      _id=6a21556246651638892cf76e
  Ch4   num-ch04v2-037                      _id=6a21556246651638892cf773
  Ch4   num-ch04v2-044                      _id=6a21556246651638892cf77a
  Ch4   num-ch04v2-048                      _id=6a21556246651638892cf77e
  Ch6   num-ch06-008                        _id=6a21556246651638892cf799
  Ch6   num-ch06-009                        _id=6a21556246651638892cf79a
  Ch6   num-ch06-010                        _id=6a21556246651638892cf79b
  Ch6   num-ch06-011                        _id=6a21556246651638892cf79c
  Ch6   num-ch06-017                        _id=6a21556246651638892cf7a2
  Ch7   num-ch07-001                        _id=6a21556246651638892cf7a3
  Ch9   num-ch09-007                        _id=6a21556246651638892cf7ac
  Ch9   num-ch09-017                        _id=6a21556246651638892cf7b6
  Ch9   num-ch09-050                        _id=6a21556246651638892cf7d7
  Ch10  num-ch10-008                        _id=6a21556246651638892cf7ee
  Ch10  num-ch10-010                        _id=6a21556246651638892cf7f0
  Ch13  num-ch13-001                        _id=6a21556246651638892cf7ff
  Ch13  num-ch13-017                        _id=6a21556246651638892cf80f
  Ch13  num-ch13-018                        _id=6a21556246651638892cf810
  Ch13  num-ch13-026                        _id=6a21556246651638892cf818
  Ch13  num-ch13-030                        _id=6a21556246651638892cf81c
  Ch16  num-ch16-045                        _id=6a21556246651638892cf85b
  Ch16  num-ch16-052                        _id=6a21556246651638892cf862
  Ch16  num-ch16-061                        _id=6a21556246651638892cf86b